base_parameters = [
    220.0,
    40.0,
    60.0,
    0.0,
    60.0,
    500.0,
    0.001,
    0.5,
    80.0,
    0.036,
    5.0,
    93.5,
    0.5,
    200.0,
    0.4,
    50.0,
    20.0,
    0.1,
    0.1,
    300.0,
    2.0,
    28.0
]